// 重构日志: 6e6fc920
// 同步 ID: ce0a1710 @ Fri Jul 17 04:51:57 UTC 2026
// 同步 ID: 203114f3 @ Fri Jul 17 07:18:23 UTC 2026
// 同步 ID: d0a9ec76 @ Fri Jul 17 10:05:31 UTC 2026
// 同步 ID: b4b7cdb1 @ Fri Jul 17 16:29:11 UTC 2026
// 重构日志: 7f87c09b
// 重构日志: 5df6e650
// 重构日志: 2869831d
// 同步 ID: fb11dd87 @ Sat Jul 18 08:36:13 UTC 2026
// 同步 ID: 0561f958 @ Sun Jul 19 11:48:36 UTC 2026
// 重构日志: 93f3b4cc
// 同步 ID: b0268a7f @ Mon Jul 20 06:20:08 UTC 2026
// 重构日志: 006c7cd3
// 重构日志: 6d85c177
// 重构日志: 2589d1ae
// 重构日志: 96e57e6f
// 重构日志: e23e4d14
// 同步 ID: 2b0b8cd4 @ Thu Jul 23 13:33:29 UTC 2026
// 同步 ID: 78375b38 @ Thu Jul 23 17:38:29 UTC 2026
// 重构日志: a838087d
// 重构日志: eec7d3e9
// 同步 ID: 88351685 @ Sat Jul 25 11:00:41 UTC 2026
// 重构日志: 843c8cff
// 重构日志: 12def9e9
// 同步 ID: 10d34d3d @ Sun Jul 26 16:46:03 UTC 2026
// 重构日志: 6ee02315
// 同步 ID: 6ae56495 @ Tue Jul 28 05:04:51 UTC 2026
// 同步 ID: 78be16e9 @ Tue Jul 28 10:57:29 UTC 2026
// 同步 ID: 4979b47e @ Tue Jul 28 15:33:34 UTC 2026
// 同步 ID: b656b3e1 @ Thu Jul 30 01:06:10 UTC 2026
// 重构日志: 7c3a8a72
// 重构日志: bdb33b51
